18:40:58 **** Incremental Build of configuration Debug for project FMCOMMS4_AD9364_system ****
make all 
Generating bif file for the system project
generate_system_bif.bat 10947 D:/FMCOMMS4_AD9364_Fifo_Tlast_FFT/Ws/system_top/export/system_top/system_top.xpfm standalone_ps7_cortexa9_0 D:/FMCOMMS4_AD9364_Fifo_Tlast_FFT/Ws/FMCOMMS4_AD9364_system/Debug/system.bif
sdcard_gen --xpfm D:/FMCOMMS4_AD9364_Fifo_Tlast_FFT/Ws/system_top/export/system_top/system_top.xpfm --sys_config system_top --bif D:/FMCOMMS4_AD9364_Fifo_Tlast_FFT/Ws/FMCOMMS4_AD9364_system/Debug/system.bif --bitstream D:/FMCOMMS4_AD9364_Fifo_Tlast_FFT/Ws/FMCOMMS4_AD9364/_ide/bitstream/system_top.bit --elf D:/FMCOMMS4_AD9364_Fifo_Tlast_FFT/Ws/FMCOMMS4_AD9364/Debug/FMCOMMS4_AD9364.elf,ps7_cortexa9_0
creating BOOT.BIN using D:/FMCOMMS4_AD9364_Fifo_Tlast_FFT/Ws/FMCOMMS4_AD9364/_ide/bitstream/system_top.bit
Fatal: program compiled against libxml 2 using libxml 20
Fatal: program compiled against libxml 2 using libxml 20
Fatal: program compiled against libxml 2 using libxml 20
Fatal: program compiled against libxml 2 using libxml 20
Fatal: program compiled against libxml 2 using libxml 20
Fatal: program compiled against libxml 2 using libxml 20
Fatal: program compiled against libxml 2 using libxml 20
Fatal: program compiled against libxml 2 using libxml 20
Fatal: program compiled against libxml 2 using libxml 20
Fatal: program compiled against libxml 2 using libxml 20
Fatal: program compiled against libxml 2 using libxml 20
Fatal: program compiled against libxml 2 using libxml 20
Fatal: program compiled against libxml 2 using libxml 20
Fatal: program compiled against libxml 2 using libxml 20
Fatal: program compiled against libxml 2 using libxml 20
Fatal: program compiled against libxml 2 using libxml 20
Fatal: program compiled against libxml 2 using libxml 20
Fatal: program compiled against libxml 2 using libxml 20
Fatal: program compiled against libxml 2 using libxml 20
Fatal: program compiled against libxml 2 using libxml 20
Fatal: program compiled against libxml 2 using libxml 20
Fatal: program compiled against libxml 2 using libxml 20
Fatal: program compiled against libxml 2 using libxml 20
Fatal: program compiled against libxml 2 using libxml 20
Fatal: program compiled against libxml 2 using libxml 20
Fatal: program compiled against libxml 2 using libxml 20
Fatal: program compiled against libxml 2 using libxml 20
Fatal: program compiled against libxml 2 using libxml 20
Fatal: program compiled against libxml 2 using libxml 20
Fatal: program compiled against libxml 2 using libxml 20
Fatal: program compiled against libxml 2 using libxml 20
Fatal: program compiled against libxml 2 using libxml 20
Fatal: program compiled against libxml 2 using libxml 20
Fatal: program compiled against libxml 2 using libxml 20
Fatal: program compiled against libxml 2 using libxml 20
Fatal: program compiled against libxml 2 using libxml 20
Fatal: program compiled against libxml 2 using libxml 20
Fatal: program compiled against libxml 2 using libxml 20
Fatal: program compiled against libxml 2 using libxml 20
Fatal: program compiled against libxml 2 using libxml 20
Fatal: program compiled against libxml 2 using libxml 20
Fatal: program compiled against libxml 2 using libxml 20
Fatal: program compiled against libxml 2 using libxml 20
Fatal: program compiled against libxml 2 using libxml 20
Fatal: program compiled against libxml 2 using libxml 20
Fatal: program compiled against libxml 2 using libxml 20
Fatal: program compiled against libxml 2 using libxml 20
Fatal: program compiled against libxml 2 using libxml 20
Fatal: program compiled against libxml 2 using libxml 20
Fatal: program compiled against libxml 2 using libxml 20
Fatal: program compiled against libxml 2 using libxml 20
Fatal: program compiled against libxml 2 using libxml 20
Fatal: program compiled against libxml 2 using libxml 20
Fatal: program compiled against libxml 2 using libxml 20
Fatal: program compiled against libxml 2 using libxml 20
Fatal: program compiled against libxml 2 using libxml 20
Fatal: program compiled against libxml 2 using libxml 20
Fatal: program compiled against libxml 2 using libxml 20
Fatal: program compiled against libxml 2 using libxml 20
Fatal: program compiled against libxml 2 using libxml 20
Fatal: program compiled against libxml 2 using libxml 20
Fatal: program compiled against libxml 2 using libxml 20
Fatal: program compiled against libxml 2 using libxml 20
Fatal: program compiled against libxml 2 using libxml 20
Fatal: program compiled against libxml 2 using libxml 20
Fatal: program compiled against libxml 2 using libxml 20
Fatal: program compiled against libxml 2 using libxml 20
Fatal: program compiled against libxml 2 using libxml 20
Fatal: program compiled against libxml 2 using libxml 20
Fatal: program compiled against libxml 2 using libxml 20
Fatal: program compiled against libxml 2 using libxml 20
Fatal: program compiled against libxml 2 using libxml 20
Fatal: program compiled against libxml 2 using libxml 20
Fatal: program compiled against libxml 2 using libxml 20
Running D:/Vitis/2023.1/bin/bootgen  -image D:/FMCOMMS4_AD9364_Fifo_Tlast_FFT/Ws/FMCOMMS4_AD9364_system/Debug/sd_card_temp/boot.bif -w -o i BOOT.BIN

18:41:04 Build Finished (took 5s.338ms)

