Nothing to build in platform 'system_top'

18:40:50 **** Incremental Build of configuration Debug for project FMCOMMS4_AD9364 ****
make all 
make --no-print-directory pre-build
a9-linaro-pre-build-step
' '
make --no-print-directory main-build
'Building file: ../src/main.c'
'Invoking: ARM v7 gcc compiler'
arm-none-eabi-gcc -Wall -O0 -g3 -I"D:/FMCOMMS4_AD9364_Fifo_Tlast_FFT/Ws/FMCOMMS4_AD9364/src" -I"D:/FMCOMMS4_AD9364_Fifo_Tlast_FFT/Ws/FMCOMMS4_AD9364/src/rf-transceiver/ad9361" -c -fmessage-length=0 -MT"src/main.o" -mcpu=cortex-a9 -mfpu=vfpv3 -mfloat-abi=hard -ID:/FMCOMMS4_AD9364_Fifo_Tlast_FFT/Ws/system_top/export/system_top/sw/system_top/standalone_ps7_cortexa9_0/bspinclude/include -MMD -MP -MF"src/main.d" -MT"src/main.o" -o "src/main.o" "../src/main.c"
../src/main.c: In function 'main':
../src/main.c:1143:35: warning: format '%lx' expects argument of type 'long unsigned int', but argument 2 has type 'unsigned int' [-Wformat=]
 1143 |   printf("DMA_EXAMPLE: address=%#lx samples=%lu channels=%u bits=%lu\n",
      |                                ~~~^
      |                                   |
      |                                   long unsigned int
      |                                %#x
 1144 |          (uintptr_t)dac_buffer, NO_OS_ARRAY_SIZE(dac_buffer),
      |          ~~~~~~~~~~~~~~~~~~~~~     
      |          |
      |          unsigned int
../src/main.c:1143:47: warning: format '%lu' expects argument of type 'long unsigned int', but argument 3 has type 'unsigned int' [-Wformat=]
 1143 |   printf("DMA_EXAMPLE: address=%#lx samples=%lu channels=%u bits=%lu\n",
      |                                             ~~^
      |                                               |
      |                                               long unsigned int
      |                                             %u
../src/main.c:1143:68: warning: format '%lu' expects argument of type 'long unsigned int', but argument 5 has type 'unsigned int' [-Wformat=]
 1143 |   printf("DMA_EXAMPLE: address=%#lx samples=%lu channels=%u bits=%lu\n",
      |                                                                  ~~^
      |                                                                    |
      |                                                                    long unsigned int
      |                                                                  %u
 1144 |          (uintptr_t)dac_buffer, NO_OS_ARRAY_SIZE(dac_buffer),
 1145 |          rx_adc_init.num_channels, 8 * sizeof(dac_buffer[0]));
      |                                    ~~~~~~~~~~~~~~~~~~~~~~~~~        
      |                                    |
      |                                    unsigned int
../src/main.c:1214:35: warning: format '%lx' expects argument of type 'long unsigned int', but argument 2 has type 'unsigned int' [-Wformat=]
 1214 |   printf("DMA_EXAMPLE: address=%#lx samples=%lu channels=%u bits=%lu\n",
      |                                ~~~^
      |                                   |
      |                                   long unsigned int
      |                                %#x
 1215 |          (uintptr_t)adc_buffer, NO_OS_ARRAY_SIZE(adc_buffer),
      |          ~~~~~~~~~~~~~~~~~~~~~     
      |          |
      |          unsigned int
../src/main.c:1214:47: warning: format '%lu' expects argument of type 'long unsigned int', but argument 3 has type 'unsigned int' [-Wformat=]
 1214 |   printf("DMA_EXAMPLE: address=%#lx samples=%lu channels=%u bits=%lu\n",
      |                                             ~~^
      |                                               |
      |                                               long unsigned int
      |                                             %u
../src/main.c:1214:68: warning: format '%lu' expects argument of type 'long unsigned int', but argument 5 has type 'unsigned int' [-Wformat=]
 1214 |   printf("DMA_EXAMPLE: address=%#lx samples=%lu channels=%u bits=%lu\n",
      |                                                                  ~~^
      |                                                                    |
      |                                                                    long unsigned int
      |                                                                  %u
 1215 |          (uintptr_t)adc_buffer, NO_OS_ARRAY_SIZE(adc_buffer),
 1216 |          rx_adc_init.num_channels, 8 * sizeof(adc_buffer[0]));
      |                                    ~~~~~~~~~~~~~~~~~~~~~~~~~        
      |                                    |
      |                                    unsigned int
../src/main.c:916:12: warning: variable 'samples' set but not used [-Wunused-but-set-variable]
  916 |   uint32_t samples = 16384;
      |            ^~~~~~~
'Finished building: ../src/main.c'
' '
'Building target: FMCOMMS4_AD9364.elf'
'Invoking: ARM v7 gcc linker'
arm-none-eabi-gcc -mcpu=cortex-a9 -mfpu=vfpv3 -mfloat-abi=hard -Wl,-build-id=none -specs=Xilinx.spec -Wl,-T -Wl,../src/lscript.ld -LD:/FMCOMMS4_AD9364_Fifo_Tlast_FFT/Ws/system_top/export/system_top/sw/system_top/standalone_ps7_cortexa9_0/bsplib/lib -o "FMCOMMS4_AD9364.elf"  ./src/rf-transceiver/ad9361/ad9361.o ./src/rf-transceiver/ad9361/ad9361_api.o ./src/rf-transceiver/ad9361/ad9361_conv.o ./src/rf-transceiver/ad9361/ad9361_util.o  ./src/platform/xilinx/xilinx_axi_io.o ./src/platform/xilinx/xilinx_delay.o ./src/platform/xilinx/xilinx_gpio.o ./src/platform/xilinx/xilinx_irq.o ./src/platform/xilinx/xilinx_spi.o  ./src/axi_core/axi_sysid/axi_sysid.o  ./src/axi_core/axi_dmac/axi_dmac.o  ./src/axi_core/axi_dac_core/axi_dac_core.o  ./src/axi_core/axi_adc_core/axi_adc_core.o  ./src/api/no_os_gpio.o ./src/api/no_os_irq.o ./src/api/no_os_spi.o  ./src/main.o ./src/no_os_alloc.o ./src/no_os_mutex.o ./src/no_os_util.o ./src/platform.o   -Wl,--start-group,-lxil,-lgcc,-lc,--end-group -Wl,--start-group,-lxil,-llwip4,-lgcc,-lc,--end-group
'Finished building target: FMCOMMS4_AD9364.elf'
' '
'Invoking: ARM v7 Print Size'
arm-none-eabi-size FMCOMMS4_AD9364.elf  |tee "FMCOMMS4_AD9364.elf.size"
   text	   data	    bss	    dec	    hex	filename
 240805	   4988	 157872	 403665	  628d1	FMCOMMS4_AD9364.elf
'Finished building: FMCOMMS4_AD9364.elf.size'
' '
18:40:51 **** Incremental Build of configuration Debug for project FMCOMMS4_AD9364_system ****
make all 
Generating bif file for the system project
generate_system_bif.bat 10947 D:/FMCOMMS4_AD9364_Fifo_Tlast_FFT/Ws/system_top/export/system_top/system_top.xpfm standalone_ps7_cortexa9_0 D:/FMCOMMS4_AD9364_Fifo_Tlast_FFT/Ws/FMCOMMS4_AD9364_system/Debug/system.bif
sdcard_gen --xpfm D:/FMCOMMS4_AD9364_Fifo_Tlast_FFT/Ws/system_top/export/system_top/system_top.xpfm --sys_config system_top --bif D:/FMCOMMS4_AD9364_Fifo_Tlast_FFT/Ws/FMCOMMS4_AD9364_system/Debug/system.bif --bitstream D:/FMCOMMS4_AD9364_Fifo_Tlast_FFT/Ws/FMCOMMS4_AD9364/_ide/bitstream/system_top.bit --elf D:/FMCOMMS4_AD9364_Fifo_Tlast_FFT/Ws/FMCOMMS4_AD9364/Debug/FMCOMMS4_AD9364.elf,ps7_cortexa9_0
creating BOOT.BIN using D:/FMCOMMS4_AD9364_Fifo_Tlast_FFT/Ws/FMCOMMS4_AD9364/_ide/bitstream/system_top.bit
Fatal: program compiled against libxml 2 using libxml 20
Fatal: program compiled against libxml 2 using libxml 20
Fatal: program compiled against libxml 2 using libxml 20
Fatal: program compiled against libxml 2 using libxml 20
Fatal: program compiled against libxml 2 using libxml 20
Fatal: program compiled against libxml 2 using libxml 20
Fatal: program compiled against libxml 2 using libxml 20
Fatal: program compiled against libxml 2 using libxml 20
Fatal: program compiled against libxml 2 using libxml 20
Fatal: program compiled against libxml 2 using libxml 20
Fatal: program compiled against libxml 2 using libxml 20
Fatal: program compiled against libxml 2 using libxml 20
Fatal: program compiled against libxml 2 using libxml 20
Fatal: program compiled against libxml 2 using libxml 20
Fatal: program compiled against libxml 2 using libxml 20
Fatal: program compiled against libxml 2 using libxml 20
Fatal: program compiled against libxml 2 using libxml 20
Fatal: program compiled against libxml 2 using libxml 20
Fatal: program compiled against libxml 2 using libxml 20
Fatal: program compiled against libxml 2 using libxml 20
Fatal: program compiled against libxml 2 using libxml 20
Fatal: program compiled against libxml 2 using libxml 20
Fatal: program compiled against libxml 2 using libxml 20
Fatal: program compiled against libxml 2 using libxml 20
Fatal: program compiled against libxml 2 using libxml 20
Fatal: program compiled against libxml 2 using libxml 20
Fatal: program compiled against libxml 2 using libxml 20
Fatal: program compiled against libxml 2 using libxml 20
Fatal: program compiled against libxml 2 using libxml 20
Fatal: program compiled against libxml 2 using libxml 20
Fatal: program compiled against libxml 2 using libxml 20
Fatal: program compiled against libxml 2 using libxml 20
Fatal: program compiled against libxml 2 using libxml 20
Fatal: program compiled against libxml 2 using libxml 20
Fatal: program compiled against libxml 2 using libxml 20
Fatal: program compiled against libxml 2 using libxml 20
Fatal: program compiled against libxml 2 using libxml 20
Fatal: program compiled against libxml 2 using libxml 20
Fatal: program compiled against libxml 2 using libxml 20
Fatal: program compiled against libxml 2 using libxml 20
Fatal: program compiled against libxml 2 using libxml 20
Fatal: program compiled against libxml 2 using libxml 20
Fatal: program compiled against libxml 2 using libxml 20
Fatal: program compiled against libxml 2 using libxml 20
Fatal: program compiled against libxml 2 using libxml 20
Fatal: program compiled against libxml 2 using libxml 20
Fatal: program compiled against libxml 2 using libxml 20
Fatal: program compiled against libxml 2 using libxml 20
Fatal: program compiled against libxml 2 using libxml 20
Fatal: program compiled against libxml 2 using libxml 20
Fatal: program compiled against libxml 2 using libxml 20
Fatal: program compiled against libxml 2 using libxml 20
Fatal: program compiled against libxml 2 using libxml 20
Fatal: program compiled against libxml 2 using libxml 20
Fatal: program compiled against libxml 2 using libxml 20
Fatal: program compiled against libxml 2 using libxml 20
Fatal: program compiled against libxml 2 using libxml 20
Fatal: program compiled against libxml 2 using libxml 20
Fatal: program compiled against libxml 2 using libxml 20
Fatal: program compiled against libxml 2 using libxml 20
Fatal: program compiled against libxml 2 using libxml 20
Fatal: program compiled against libxml 2 using libxml 20
Fatal: program compiled against libxml 2 using libxml 20
Fatal: program compiled against libxml 2 using libxml 20
Fatal: program compiled against libxml 2 using libxml 20
Fatal: program compiled against libxml 2 using libxml 20
Fatal: program compiled against libxml 2 using libxml 20
Fatal: program compiled against libxml 2 using libxml 20
Fatal: program compiled against libxml 2 using libxml 20
Fatal: program compiled against libxml 2 using libxml 20
Fatal: program compiled against libxml 2 using libxml 20
Fatal: program compiled against libxml 2 using libxml 20
Fatal: program compiled against libxml 2 using libxml 20
Fatal: program compiled against libxml 2 using libxml 20
Running D:/Vitis/2023.1/bin/bootgen  -image D:/FMCOMMS4_AD9364_Fifo_Tlast_FFT/Ws/FMCOMMS4_AD9364_system/Debug/sd_card_temp/boot.bif -w -o i BOOT.BIN
Nothing to build in platform 'system_top'

18:40:58 **** Incremental Build of configuration Debug for project FMCOMMS4_AD9364 ****
make all 
make --no-print-directory pre-build
a9-linaro-pre-build-step
' '
make --no-print-directory main-build
make[1]: Nothing to be done for 'main-build'.
18:40:58 **** Incremental Build of configuration Debug for project FMCOMMS4_AD9364_system ****
make all 
Generating bif file for the system project
generate_system_bif.bat 10947 D:/FMCOMMS4_AD9364_Fifo_Tlast_FFT/Ws/system_top/export/system_top/system_top.xpfm standalone_ps7_cortexa9_0 D:/FMCOMMS4_AD9364_Fifo_Tlast_FFT/Ws/FMCOMMS4_AD9364_system/Debug/system.bif
sdcard_gen --xpfm D:/FMCOMMS4_AD9364_Fifo_Tlast_FFT/Ws/system_top/export/system_top/system_top.xpfm --sys_config system_top --bif D:/FMCOMMS4_AD9364_Fifo_Tlast_FFT/Ws/FMCOMMS4_AD9364_system/Debug/system.bif --bitstream D:/FMCOMMS4_AD9364_Fifo_Tlast_FFT/Ws/FMCOMMS4_AD9364/_ide/bitstream/system_top.bit --elf D:/FMCOMMS4_AD9364_Fifo_Tlast_FFT/Ws/FMCOMMS4_AD9364/Debug/FMCOMMS4_AD9364.elf,ps7_cortexa9_0
creating BOOT.BIN using D:/FMCOMMS4_AD9364_Fifo_Tlast_FFT/Ws/FMCOMMS4_AD9364/_ide/bitstream/system_top.bit
Fatal: program compiled against libxml 2 using libxml 20
Fatal: program compiled against libxml 2 using libxml 20
Fatal: program compiled against libxml 2 using libxml 20
Fatal: program compiled against libxml 2 using libxml 20
Fatal: program compiled against libxml 2 using libxml 20
Fatal: program compiled against libxml 2 using libxml 20
Fatal: program compiled against libxml 2 using libxml 20
Fatal: program compiled against libxml 2 using libxml 20
Fatal: program compiled against libxml 2 using libxml 20
Fatal: program compiled against libxml 2 using libxml 20
Fatal: program compiled against libxml 2 using libxml 20
Fatal: program compiled against libxml 2 using libxml 20
Fatal: program compiled against libxml 2 using libxml 20
Fatal: program compiled against libxml 2 using libxml 20
Fatal: program compiled against libxml 2 using libxml 20
Fatal: program compiled against libxml 2 using libxml 20
Fatal: program compiled against libxml 2 using libxml 20
Fatal: program compiled against libxml 2 using libxml 20
Fatal: program compiled against libxml 2 using libxml 20
Fatal: program compiled against libxml 2 using libxml 20
Fatal: program compiled against libxml 2 using libxml 20
Fatal: program compiled against libxml 2 using libxml 20
Fatal: program compiled against libxml 2 using libxml 20
Fatal: program compiled against libxml 2 using libxml 20
Fatal: program compiled against libxml 2 using libxml 20
Fatal: program compiled against libxml 2 using libxml 20
Fatal: program compiled against libxml 2 using libxml 20
Fatal: program compiled against libxml 2 using libxml 20
Fatal: program compiled against libxml 2 using libxml 20
Fatal: program compiled against libxml 2 using libxml 20
Fatal: program compiled against libxml 2 using libxml 20
Fatal: program compiled against libxml 2 using libxml 20
Fatal: program compiled against libxml 2 using libxml 20
Fatal: program compiled against libxml 2 using libxml 20
Fatal: program compiled against libxml 2 using libxml 20
Fatal: program compiled against libxml 2 using libxml 20
Fatal: program compiled against libxml 2 using libxml 20
Fatal: program compiled against libxml 2 using libxml 20
Fatal: program compiled against libxml 2 using libxml 20
Fatal: program compiled against libxml 2 using libxml 20
Fatal: program compiled against libxml 2 using libxml 20
Fatal: program compiled against libxml 2 using libxml 20
Fatal: program compiled against libxml 2 using libxml 20
Fatal: program compiled against libxml 2 using libxml 20
Fatal: program compiled against libxml 2 using libxml 20
Fatal: program compiled against libxml 2 using libxml 20
Fatal: program compiled against libxml 2 using libxml 20
Fatal: program compiled against libxml 2 using libxml 20
Fatal: program compiled against libxml 2 using libxml 20
Fatal: program compiled against libxml 2 using libxml 20
Fatal: program compiled against libxml 2 using libxml 20
Fatal: program compiled against libxml 2 using libxml 20
Fatal: program compiled against libxml 2 using libxml 20
Fatal: program compiled against libxml 2 using libxml 20
Fatal: program compiled against libxml 2 using libxml 20
Fatal: program compiled against libxml 2 using libxml 20
Fatal: program compiled against libxml 2 using libxml 20
Fatal: program compiled against libxml 2 using libxml 20
Fatal: program compiled against libxml 2 using libxml 20
Fatal: program compiled against libxml 2 using libxml 20
Fatal: program compiled against libxml 2 using libxml 20
Fatal: program compiled against libxml 2 using libxml 20
Fatal: program compiled against libxml 2 using libxml 20
Fatal: program compiled against libxml 2 using libxml 20
Fatal: program compiled against libxml 2 using libxml 20
Fatal: program compiled against libxml 2 using libxml 20
Fatal: program compiled against libxml 2 using libxml 20
Fatal: program compiled against libxml 2 using libxml 20
Fatal: program compiled against libxml 2 using libxml 20
Fatal: program compiled against libxml 2 using libxml 20
Fatal: program compiled against libxml 2 using libxml 20
Fatal: program compiled against libxml 2 using libxml 20
Fatal: program compiled against libxml 2 using libxml 20
Fatal: program compiled against libxml 2 using libxml 20
Running D:/Vitis/2023.1/bin/bootgen  -image D:/FMCOMMS4_AD9364_Fifo_Tlast_FFT/Ws/FMCOMMS4_AD9364_system/Debug/sd_card_temp/boot.bif -w -o i BOOT.BIN
